// Jest Snapshot v1, https://goo.gl/fbAQLP

exports[`deals endpoint returns the expected result 1`] = `
Object {
  "deals": Array [
    Object {
      "dealName": "Fixed Green Deal",
      "durationMonths": 12,
      "isGreenEnergy": true,
      "logo": "<svg></svg>",
      "supplierName": "Big Green Energy",
      "yearlyCost": 450,
    },
    Object {
      "dealName": "Big Green Deal",
      "isGreenEnergy": true,
      "logo": "<svg></svg>",
      "supplierName": "Big Green Energy",
      "yearlyCost": 500,
    },
  ],
}
`;
